Component: ARM Compiler 5.05 update 1 (build 106) Tool: armlink [4d0efa]

==============================================================================

Removing Unused input sections from the image.

    Removing os_mutex.o(.text), (1404 bytes).
    Removing os_cpu_a.o(SWIStacks), (128 bytes).
    Removing gpio.o(.text), (44 bytes).
    Removing adc.o(.text), (488 bytes).
    Removing adc.o(.bss), (16 bytes).
    Removing adc.o(.data), (6 bytes).
    Removing sdcrc.o(.text), (244 bytes).
    Removing sdcrc.o(.constdata), (512 bytes).

8 unused section(s) (total 2842 bytes) removed from the image.

==============================================================================

Memory Map of the image

  Image Entry point : 0x8000012c

  Load Region ROM_LOAD (Base: 0x80000000, Size: 0x000281dc, Max: 0xffffffff, ABSOLUTE, COMPRESSED[0x000278ec])

    Execution Region ROM_EXEC (Base: 0x80000000, Size: 0x00027200, Max: 0xffffffff, ABSOLUTE)

    Base Addr    Size         Type   Attr      Idx    E Section Name        Object

    0x80000000   0x0000012c   Code   RO          312    vectors             startup.o
    0x8000012c   0x00000008   Code   RO         1328  * !!!main             c_5.l(__main.o)
    0x80000134   0x0000003c   Code   RO         1587    !!!scatter          c_5.l(__scatter.o)
    0x80000170   0x0000005c   Code   RO         1585    !!dczerorl2         c_5.l(__dczerorl2.o)
    0x800001cc   0x00000028   Code   RO         1589    !!handler_copy      c_5.l(__scatter_copy.o)
    0x800001f4   0x0000002c   Code   RO         1591    !!handler_zi        c_5.l(__scatter_zi.o)
    0x80000220   0x00000002   Code   RO         1529    .ARM.Collect$$libinit$$00000000  c_5.l(libinit.o)
    0x80000222   0x00000000   Code   RO         1407    .ARM.Collect$$libinit$$00000002  c_5.l(libinit2.o)
    0x80000222   0x00000000   Code   RO         1409    .ARM.Collect$$libinit$$00000004  c_5.l(libinit2.o)
    0x80000222   0x00000008   Code   RO         1410    .ARM.Collect$$libinit$$00000005  c_5.l(libinit2.o)
    0x8000022a   0x00000000   Code   RO         1412    .ARM.Collect$$libinit$$0000000A  c_5.l(libinit2.o)
    0x8000022a   0x00000000   Code   RO         1414    .ARM.Collect$$libinit$$0000000C  c_5.l(libinit2.o)
    0x8000022a   0x00000000   Code   RO         1416    .ARM.Collect$$libinit$$0000000E  c_5.l(libinit2.o)
    0x8000022a   0x00000000   Code   RO         1419    .ARM.Collect$$libinit$$00000011  c_5.l(libinit2.o)
    0x8000022a   0x00000000   Code   RO         1421    .ARM.Collect$$libinit$$00000013  c_5.l(libinit2.o)
    0x8000022a   0x00000000   Code   RO         1423    .ARM.Collect$$libinit$$00000015  c_5.l(libinit2.o)
    0x8000022a   0x00000000   Code   RO         1425    .ARM.Collect$$libinit$$00000017  c_5.l(libinit2.o)
    0x8000022a   0x00000000   Code   RO         1427    .ARM.Collect$$libinit$$00000019  c_5.l(libinit2.o)
    0x8000022a   0x00000000   Code   RO         1429    .ARM.Collect$$libinit$$0000001B  c_5.l(libinit2.o)
    0x8000022a   0x00000000   Code   RO         1431    .ARM.Collect$$libinit$$0000001D  c_5.l(libinit2.o)
    0x8000022a   0x00000000   Code   RO         1433    .ARM.Collect$$libinit$$0000001F  c_5.l(libinit2.o)
    0x8000022a   0x00000000   Code   RO         1435    .ARM.Collect$$libinit$$00000021  c_5.l(libinit2.o)
    0x8000022a   0x00000000   Code   RO         1437    .ARM.Collect$$libinit$$00000023  c_5.l(libinit2.o)
    0x8000022a   0x00000000   Code   RO         1439    .ARM.Collect$$libinit$$00000025  c_5.l(libinit2.o)
    0x8000022a   0x00000000   Code   RO         1443    .ARM.Collect$$libinit$$0000002C  c_5.l(libinit2.o)
    0x8000022a   0x00000000   Code   RO         1445    .ARM.Collect$$libinit$$0000002E  c_5.l(libinit2.o)
    0x8000022a   0x00000000   Code   RO         1447    .ARM.Collect$$libinit$$00000030  c_5.l(libinit2.o)
    0x8000022a   0x00000000   Code   RO         1449    .ARM.Collect$$libinit$$00000032  c_5.l(libinit2.o)
    0x8000022a   0x00000002   Code   RO         1450    .ARM.Collect$$libinit$$00000033  c_5.l(libinit2.o)
    0x8000022c   0x00000002   Code   RO         1582    .ARM.Collect$$libshutdown$$00000000  c_5.l(libshutdown.o)
    0x8000022e   0x00000000   Code   RO         1542    .ARM.Collect$$libshutdown$$00000003  c_5.l(libshutdown2.o)
    0x8000022e   0x00000000   Code   RO         1545    .ARM.Collect$$libshutdown$$00000006  c_5.l(libshutdown2.o)
    0x8000022e   0x00000000   Code   RO         1548    .ARM.Collect$$libshutdown$$00000009  c_5.l(libshutdown2.o)
    0x8000022e   0x00000000   Code   RO         1550    .ARM.Collect$$libshutdown$$0000000B  c_5.l(libshutdown2.o)
    0x8000022e   0x00000000   Code   RO         1553    .ARM.Collect$$libshutdown$$0000000E  c_5.l(libshutdown2.o)
    0x8000022e   0x00000002   Code   RO         1554    .ARM.Collect$$libshutdown$$0000000F  c_5.l(libshutdown2.o)
    0x80000230   0x00000000   Code   RO         1366    .ARM.Collect$$rtentry$$00000000  c_5.l(__rtentry.o)
    0x80000230   0x00000000   Code   RO         1468    .ARM.Collect$$rtentry$$00000002  c_5.l(__rtentry2.o)
    0x80000230   0x00000008   Code   RO         1480    .ARM.Collect$$rtentry$$00000004  c_5.l(__rtentry4.o)
    0x80000238   0x00000000   Code   RO         1470    .ARM.Collect$$rtentry$$00000009  c_5.l(__rtentry2.o)
    0x80000238   0x00000004   Code   RO         1471    .ARM.Collect$$rtentry$$0000000A  c_5.l(__rtentry2.o)
    0x8000023c   0x00000000   Code   RO         1473    .ARM.Collect$$rtentry$$0000000C  c_5.l(__rtentry2.o)
    0x8000023c   0x00000028   Code   RO         1474    .ARM.Collect$$rtentry$$0000000D  c_5.l(__rtentry2.o)
    0x80000264   0x00000004   Code   RO         1530    .ARM.Collect$$rtexit$$00000000  c_5.l(rtexit.o)
    0x80000268   0x00000000   Code   RO         1556    .ARM.Collect$$rtexit$$00000002  c_5.l(rtexit2.o)
    0x80000268   0x00000004   Code   RO         1557    .ARM.Collect$$rtexit$$00000003  c_5.l(rtexit2.o)
    0x8000026c   0x00000008   Code   RO         1558    .ARM.Collect$$rtexit$$00000004  c_5.l(rtexit2.o)
    0x80000274   0x00000000   Code   RO         1489    .emb_text           c_5.l(maybetermalloc1.o)
    0x80000274   0x00000b5c   Code   RO            1    .text               os_core.o
    0x80000dd0   0x00000190   Code   RO           36    .text               os_cpu_c.o
    0x80000f60   0x000003fc   Code   RO          153    .text               os_q.o
    0x8000135c   0x0000024c   Code   RO          165    .text               os_sem.o
    0x800015a8   0x000002ac   Code   RO          177    .text               os_task.o
    0x80001854   0x000000ec   Code   RO          189    .text               os_time.o
    0x80001940   0x00000018   Code   RO          206    .text               main.o
    0x80001958   0x0000018c   Code   RO          293    .text               target.o
    0x80001ae4   0x00000768   Code   RO          367    .text               i2c1.o
    0x8000224c   0x00000714   Code   RO          392    .text               i2c2.o
    0x80002960   0x000002c0   Code   RO          410    .text               norflash.o
    0x80002c20   0x000005c0   Code   RO          425    .text               pcf8563.o
    0x800031e0   0x0000018c   Code   RO          446    .text               tdc256.o
    0x8000336c   0x00000064   Code   RO          461    .text               irq.o
    0x800033d0   0x00000108   Code   RO          488    .text               timer0.o
    0x800034d8   0x000000e8   Code   RO          518    .text               timer1.o
    0x800035c0   0x000003e4   Code   RO          539    .text               uart1.o
    0x800039a4   0x00000070   Code   RO          554    .text               wdt.o
    0x80003a14   0x0000033c   Code   RO          572    .text               uart5.o
    0x80003d50   0x00000318   Code   RO          587    .text               ds18b20.o
    0x80004068   0x00000e28   Code   RO          624    .text               socket.o
    0x80004e90   0x000013a4   Code   RO          647    .text               w5300.o
    0x80006234   0x00000488   Code   RO          674    .text               common.o
    0x800066bc   0x00002728   Code   RO          693    .text               prtlproc.o
    0x80008de4   0x000003cc   Code   RO          740    .text               wt_task.o
    0x800091b0   0x00000220   Code   RO          799    .text               task_tipo.o
    0x800093d0   0x000002c0   Code   RO          830    .text               task_jg0.o
    0x80009690   0x00000270   Code   RO          856    .text               task_data_jg.o
    0x80009900   0x00000500   Code   RO          882    .text               task_checknet.o
    0x80009e00   0x00000c20   Code   RO          903    .text               task_uart1rec.o
    0x8000aa20   0x00000bb0   Code   RO          918    .text               task_uart5rec.o
    0x8000b5d0   0x000011a0   Code   RO          933    .text               task_update_app.o
    0x8000c770   0x0000090c   Code   RO          952    .text               sysrecovery.o
    0x8000d07c   0x00000110   Code   RO          976    .text               task_checkdir.o
    0x8000d18c   0x00000c08   Code   RO          992    .text               task_aqcwave.o
    0x8000dd94   0x00000ba4   Code   RO         1011    .text               sdcmd.o
    0x8000e938   0x00000e28   Code   RO         1073    .text               sddriver.o
    0x8000f760   0x000011c4   Code   RO         1115    .text               sdhal.o
    0x80010924   0x00003f9c   Code   RO         1137    .text               avi_axlecheck.o
    0x800148c0   0x00000e54   Code   RO         1160    .text               avi_classifier.o
    0x80015714   0x00009d78   Code   RO         1181    .text               avi_featurecal.o
    0x8001f48c   0x00003950   Code   RO         1193    .text               avi_mainproc.o
    0x80022ddc   0x000007ec   Code   RO         1212    .text               avi_mathproc.o
    0x800235c8   0x00001de0   Code   RO         1230    .text               avi_specheck.o
    0x800253a8   0x00000004   Code   RO         1244    .text               c_5.l(use_no_semi.o)
    0x800253ac   0x00000062   Code   RO         1248    .text               c_5.l(h1_alloc.o)
    0x8002540e   0x00000002   PAD
    0x80025410   0x000000d4   Code   RO         1302    .text               c_5.l(rt_memcpy.o)
    0x800254e4   0x00000064   Code   RO         1304    .text               c_5.l(rt_memcpy_w.o)
    0x80025548   0x00000040   Code   RO         1306    .text               c_5.l(rt_memclr.o)
    0x80025588   0x00000054   Code   RO         1308    .text               c_5.l(rt_memclr_w.o)
    0x800255dc   0x0000017c   Code   RO         1310    .text               c_5.l(aeabi_sdiv.o)
    0x80025758   0x00000006   Code   RO         1326    .text               c_5.l(heapauxi.o)
    0x8002575e   0x00000002   PAD
    0x80025760   0x0000000c   Code   RO         1374    .text               c_5.l(rt_heap_descriptor_intlibspace.o)
    0x8002576c   0x00000004   Code   RO         1376    .text               c_5.l(hguard.o)
    0x80025770   0x00000088   Code   RO         1378    .text               c_5.l(init_alloc.o)
    0x800257f8   0x0000000e   Code   RO         1384    .text               c_5.l(h1_init.o)
    0x80025806   0x0000004c   Code   RO         1386    .text               c_5.l(h1_free.o)
    0x80025852   0x00000002   PAD
    0x80025854   0x00000008   Ven    RO         1402    .text               c_5.l(_rserrno.o)
    0x8002585c   0x00000016   Code   RO         1402    .text               c_5.l(_rserrno.o)
    0x80025872   0x00000002   PAD
    0x80025874   0x0000000c   Code   RO         1464    .text               c_5.l(libspace.o)
    0x80025880   0x0000000c   Code   RO         1485    .text               c_5.l(rt_errno_addr_intlibspace.o)
    0x8002588c   0x00000034   Code   RO         1491    .text               c_5.l(h1_extend.o)
    0x800258c0   0x0000000c   Code   RO         1495    .text               c_5.l(defsig_rtmem_outer.o)
    0x800258cc   0x00000060   Code   RO         1508    .text               c_5.l(sys_stackheap_outer.o)
    0x8002592c   0x0000000c   Code   RO         1514    .text               c_5.l(exit.o)
    0x80025938   0x0000000c   Code   RO         1516    .text               c_5.l(defsig_exit.o)
    0x80025944   0x00000050   Code   RO         1518    .text               c_5.l(defsig_rtmem_inner.o)
    0x80025994   0x00000034   Code   RO         1538    .text               c_5.l(defsig_general.o)
    0x800259c8   0x00000024   Code   RO         1311    .text_udiv          c_5.l(aeabi_sdiv.o)
    0x800259ec   0x00000bdc   Code   RO          320    RUNFIRST            viccontrol.o
    0x800265c8   0x00000064   Code   RO         1357    i.sqrt              m_5s.l(sqrt.o)
    0x8002662c   0x0000021c   Code   RO          201    subr                os_cpu_a.o
    0x80026848   0x0000001c   Code   RO         1504    x$fpl$dcmpinf       fz_5s.l(dcmpi.o)
    0x80026864   0x00000070   Code   RO         1332    x$fpl$dfix          fz_5s.l(dfix.o)
    0x800268d4   0x00000034   Code   RO         1337    x$fpl$dflt          fz_5s.l(dflt_clz.o)
    0x80026908   0x00000094   Code   RO         1451    x$fpl$dleqf         fz_5s.l(dleqf.o)
    0x8002699c   0x00000178   Code   RO         1342    x$fpl$dmul          fz_5s.l(dmul.o)
    0x80026b14   0x000000b8   Code   RO         1453    x$fpl$dnaninf       fz_5s.l(dnaninf.o)
    0x80026bcc   0x00000010   Code   RO         1455    x$fpl$dretinf       fz_5s.l(dretinf.o)
    0x80026bdc   0x0000008c   Code   RO         1344    x$fpl$drleqf        fz_5s.l(drleqf.o)
    0x80026c68   0x00000200   Code   RO         1457    x$fpl$dsqrt         fz_5s.l(dsqrt_noumaal.o)
    0x80026e68   0x00000000   Code   RO         1463    x$fpl$usenofp       fz_5s.l(usenofp.o)
    0x80026e68   0x00000108   Data   RO            3    .constdata          os_core.o
    0x80026f70   0x00000008   Data   RO           37    .constdata          os_cpu_c.o
    0x80026f78   0x00000200   Data   RO          675    .constdata          common.o
    0x80027178   0x00000058   Data   RO         1075    .constdata          sddriver.o
    0x800271d0   0x00000030   Data   RO         1583    Region$$Table       anon$$obj.o


    Execution Region ERAM (Base: 0x80027200, Size: 0x00c5eab4, Max: 0xffffffff, ABSOLUTE, COMPRESSED[0x000006ec])

    Base Addr    Size         Type   Attr      Idx    E Section Name        Object

    0x80027200   0x00000040   Data   RW            4    .data               os_core.o
    0x80027240   0x00000004   Data   RW           38    .data               os_cpu_c.o
    0x80027244   0x00000018   Data   RW          368    .data               i2c1.o
    0x8002725c   0x00000018   Data   RW          393    .data               i2c2.o
    0x80027274   0x00000060   Data   RW          426    .data               pcf8563.o
    0x800272d4   0x00000032   Data   RW          519    .data               timer1.o
    0x80027306   0x00000002   PAD
    0x80027308   0x0000000c   Data   RW          540    .data               uart1.o
    0x80027314   0x00000001   Data   RW          555    .data               wdt.o
    0x80027315   0x00000008   Data   RW          588    .data               ds18b20.o
    0x8002731d   0x00000003   PAD
    0x80027320   0x00000010   Data   RW          626    .data               socket.o
    0x80027330   0x00000043   Data   RW          649    .data               w5300.o
    0x80027373   0x00000001   PAD
    0x80027374   0x00000208   Data   RW          676    .data               common.o
    0x8002757c   0x0000008b   Data   RW          742    .data               wt_task.o
    0x80027607   0x0000000a   Data   RW          800    .data               task_tipo.o
    0x80027611   0x00000002   Data   RW          883    .data               task_checknet.o
    0x80027613   0x00000009   Data   RW          935    .data               task_update_app.o
    0x8002761c   0x00000004   Data   RW          994    .data               task_aqcwave.o
    0x80027620   0x00000004   Data   RW         1117    .data               sdhal.o
    0x80027624   0x0000006c   Data   RW         1139    .data               avi_axlecheck.o
    0x80027690   0x00000b4a   Data   RW         1213    .data               avi_mathproc.o
    0x800281da   0x00000002   PAD
    0x800281dc   0x00001640   Zero   RW            2    .bss                os_core.o
    0x8002981c   0x00010000   Zero   RW          625    .bss                socket.o
    0x8003981c   0x000000a8   Zero   RW          648    .bss                w5300.o
    0x800398c4   0x000c60c4   Zero   RW          741    .bss                wt_task.o
    0x800ff988   0x000006a0   Zero   RW          831    .bss                task_jg0.o
    0x80100028   0x0000033f   Zero   RW          857    .bss                task_data_jg.o
    0x80100367   0x00000001   PAD
    0x80100368   0x001775dc   Zero   RW          934    .bss                task_update_app.o
    0x80277944   0x007d0034   Zero   RW          993    .bss                task_aqcwave.o
    0x80a47978   0x00000040   Zero   RW         1074    .bss                sddriver.o
    0x80a479b8   0x00001038   Zero   RW         1116    .bss                sdhal.o
    0x80a489f0   0x0019ad06   Zero   RW         1138    .bss                avi_axlecheck.o
    0x80be36f6   0x00000002   PAD
    0x80be36f8   0x000a2294   Zero   RW         1194    .bss                avi_mainproc.o
    0x80c8598c   0x00000060   Zero   RW         1465    .bss                c_5.l(libspace.o)
    0x80c859ec   0x00000148   Zero   RW          313    MyStacks            startup.o
    0x80c85b34   0x00000180   Zero   RW          321    VectStacks          viccontrol.o


    Execution Region HEAP_BOTTOM (Base: 0x80c85cb4, Size: 0x00000004, Max: 0xffffffff, ABSOLUTE, UNINIT)

    Base Addr    Size         Type   Attr      Idx    E Section Name        Object

    0x80c85cb4   0x00000001   Zero   RW          314    HeapBottom          startup.o


    Execution Region STACKS_BOTTOM (Base: 0x80c85cb8, Size: 0x00000004, Max: 0xffffffff, ABSOLUTE, UNINIT)

    Base Addr    Size         Type   Attr      Idx    E Section Name        Object

    0x80c85cb8   0x00000001   Zero   RW          315    StackBottom         startup.o


    Execution Region HEAPS (Base: 0x84000000, Size: 0x00000000, Max: 0xffffffff, ABSOLUTE, UNINIT)

    Base Addr    Size         Type   Attr      Idx    E Section Name        Object

    0x84000000   0x00000000   Zero   RW          316    HeapTop             startup.o
    0x84000000   0x00000000   Zero   RW          317    StacksTop           startup.o


==============================================================================

Image component sizes


      Code (inc. data)   RO Data    RW Data    ZI Data      Debug   Object Name

     16284        356          0        108    1682694      13262   avi_axlecheck.o
      3668         92          0          0          0       3147   avi_classifier.o
     40312        460          0          0          0      37088   avi_featurecal.o
     14672        392          0          0     664212      11151   avi_mainproc.o
      2028          4          0       2890          0       5428   avi_mathproc.o
      7648         72          0          0          0       8561   avi_specheck.o
      1160         20        512        520          0       5005   common.o
       792         16          0          8          0       2753   ds18b20.o
         0          0          0          0          0      14992   gpio.o
      1896         52          0         24          0       4871   i2c1.o
      1812         52          0         24          0       4354   i2c2.o
       100          8          0          0          0        651   irq.o
        24          0          0          0          0       1503   main.o
       704         20          0          0          0       3046   norflash.o
      2908        112        264         64       5696      12977   os_core.o
       540         88          0          0          0        444   os_cpu_a.o
       400          4          8          4          0      18093   os_cpu_c.o
         0          0          0          0          0       4619   os_flag.o
      1020         20          0          0          0       2544   os_q.o
       588         16          0          0          0       1794   os_sem.o
       684         24          0          0          0       1878   os_task.o
       236         16          0          0          0        888   os_time.o
      1472         32          0         96          0       3554   pcf8563.o
     10024        132          0          0          0      13399   prtlproc.o
      2980         12          0          0          0      18944   sdcmd.o
      3624         52         88          0         64       8795   sddriver.o
      4548        100          0          4       4152       9139   sdhal.o
      3624         52          0         16      65536       6912   socket.o
       300         76          0          0        330        388   startup.o
      2316        124          0          0          0       4480   sysrecovery.o
       396         24          0          0          0       2960   target.o
      3080        104          0          4    8192052       4782   task_aqcwave.o
       272         12          0          0          0        624   task_checkdir.o
      1280        108          0          2          0       1287   task_checknet.o
       624         64          0          0        831       1645   task_data_jg.o
       704         52          0          0       1696       1163   task_jg0.o
       544         72          0         10          0       1655   task_tipo.o
      3104         72          0          0          0       2748   task_uart1rec.o
      2992         72          0          0          0       2712   task_uart5rec.o
      4512        100          0          9    1537500       5500   task_update_app.o
       396          8          0          0          0       2354   tdc256.o
       264         20          0          0          0       1312   timer0.o
       232         24          0         50          0       1716   timer1.o
       996         48          0         12          0       2296   uart1.o
       828         64          0          0          0       2275   uart5.o
      3036        268          0          0        384       1052   viccontrol.o
      5028        276          0         67        168      14527   w5300.o
       112          8          0          1          0        880   wdt.o
       972        160          0        139     811204       7111   wt_task.o

    ----------------------------------------------------------------------
    155736       3960        920       4060   12966528     283259   Object Totals
         0          0         48          0          0          0   (incl. Generated)
         0          0          0          8          9          0   (incl. Padding)

    ----------------------------------------------------------------------

      Code (inc. data)   RO Data    RW Data    ZI Data      Debug   Library Member Name

        92          0          0          0          0          0   __dczerorl2.o
         8          0          0          0          0         68   __main.o
         0          0          0          0          0          0   __rtentry.o
        44          4          0          0          0          0   __rtentry2.o
         8          0          0          0          0          0   __rtentry4.o
        60          8          0          0          0          0   __scatter.o
        40          0          0          0          0          0   __scatter_copy.o
        44          0          0          0          0          0   __scatter_zi.o
        30          0          0          0          0         92   _rserrno.o
       416          0          0          0          0        144   aeabi_sdiv.o
        12          0          0          0          0         68   defsig_exit.o
        52          0          0          0          0         72   defsig_general.o
        80         58          0          0          0         68   defsig_rtmem_inner.o
        12          0          0          0          0         68   defsig_rtmem_outer.o
        12          0          0          0          0         64   exit.o
        98          0          0          0          0         72   h1_alloc.o
        52          0          0          0          0         68   h1_extend.o
        76          0          0          0          0         72   h1_free.o
        14          0          0          0          0         76   h1_init.o
         6          0          0          0          0        136   heapauxi.o
         4          0          0          0          0        120   hguard.o
       136          0          0          0          0        160   init_alloc.o
         2          0          0          0          0          0   libinit.o
        10          0          0          0          0          0   libinit2.o
         2          0          0          0          0          0   libshutdown.o
         2          0          0          0          0          0   libshutdown2.o
        12          4          0          0         96         68   libspace.o
         0          0          0          0          0          0   maybetermalloc1.o
        12          4          0          0          0         68   rt_errno_addr_intlibspace.o
        12          4          0          0          0         68   rt_heap_descriptor_intlibspace.o
        64          0          0          0          0         68   rt_memclr.o
        84          0          0          0          0         80   rt_memclr_w.o
       212          0          0          0          0         68   rt_memcpy.o
       100          0          0          0          0         80   rt_memcpy_w.o
         4          0          0          0          0          0   rtexit.o
        12          0          0          0          0          0   rtexit2.o
        96          0          0          0          0         80   sys_stackheap_outer.o
         4          0          0          0          0         68   use_no_semi.o
        28          0          0          0          0         68   dcmpi.o
       112          4          0          0          0         92   dfix.o
        52          0          0          0          0         68   dflt_clz.o
       148          4          0          0          0         92   dleqf.o
       376         16          0          0          0        104   dmul.o
       184          0          0          0          0         92   dnaninf.o
        16          0          0          0          0         68   dretinf.o
       140          0          0          0          0         80   drleqf.o
       512         56          0          0          0        120   dsqrt_noumaal.o
         0          0          0          0          0          0   usenofp.o
       100          4          0          0          0         84   sqrt.o

    ----------------------------------------------------------------------
      3600        166          0          0         96       2864   Library Totals
         8          0          0          0          0          0   (incl. Padding)

    ----------------------------------------------------------------------

      Code (inc. data)   RO Data    RW Data    ZI Data      Debug   Library Name

      1924         82          0          0         96       1996   c_5.l
      1568         80          0          0          0        784   fz_5s.l
       100          4          0          0          0         84   m_5s.l

    ----------------------------------------------------------------------
      3600        166          0          0         96       2864   Library Totals

    ----------------------------------------------------------------------

==============================================================================


      Code (inc. data)   RO Data    RW Data    ZI Data      Debug   

    159336       4126        920       4060   12966624     281351   Grand Totals
    159336       4126        920       1772   12966624     281351   ELF Image Totals (compressed)
    159336       4126        920       1772          0          0   ROM Totals

==============================================================================

    Total RO  Size (Code + RO Data)               160256 ( 156.50kB)
    Total RW  Size (RW Data + ZI Data)          12970684 (12666.68kB)
    Total ROM Size (Code + RO Data + RW Data)     162028 ( 158.23kB)

==============================================================================

